--------------------------------------------------------------------------------
Release 14.7 Trace  (nt64)
Copyright (c) 1995-2013 Xilinx, Inc.  All rights reserved.

D:\Xilinx\14.7\ISE_DS\ISE\bin\nt64\unwrapped\trce.exe -intstyle ise -v 3 -s 3
-n 3 -fastpaths -xml labkit.twx labkit.ncd -o labkit.twr labkit.pcf

Design file:              labkit.ncd
Physical constraint file: labkit.pcf
Device,package,speed:     xc6slx16,csg324,C,-3 (PRODUCTION 1.23 2013-10-13)
Report level:             verbose report

Environment Variable      Effect 
--------------------      ------ 
NONE                      No environment variables were set
--------------------------------------------------------------------------------

INFO:Timing:2698 - No timing constraints found, doing default enumeration.
INFO:Timing:3412 - To improve timing, see the Timing Closure User Guide (UG612).
INFO:Timing:2752 - To get complete path coverage, use the unconstrained paths 
   option. All paths that are not constrained will be reported in the 
   unconstrained paths section(s) of the report.
INFO:Timing:3339 - The clock-to-out numbers in this timing report are based on 
   a 50 Ohm transmission line loading model.  For the details of this model, 
   and for more information on accounting for different loading conditions, 
   please see the device datasheet.



Data Sheet report:
-----------------
All values displayed in nanoseconds (ns)

Setup/Hold to clock clk_100mhz
------------+------------+------------+------------+------------+------------------+--------+
            |Max Setup to|  Process   |Max Hold to |  Process   |                  | Clock  |
Source      | clk (edge) |   Corner   | clk (edge) |   Corner   |Internal Clock(s) | Phase  |
------------+------------+------------+------------+------------+------------------+--------+
btn_down    |    5.266(R)|      SLOW  |   -1.699(R)|      FAST  |clk_65mhz_BUFG    |   0.000|
btn_enter   |    5.409(R)|      SLOW  |   -1.808(R)|      FAST  |clk_65mhz_BUFG    |   0.000|
btn_left    |    6.180(R)|      SLOW  |   -1.867(R)|      FAST  |clk_65mhz_BUFG    |   0.000|
btn_right   |    5.952(R)|      SLOW  |   -1.711(R)|      FAST  |clk_65mhz_BUFG    |   0.000|
btn_up      |    5.216(R)|      SLOW  |   -1.234(R)|      FAST  |clk_65mhz_BUFG    |   0.000|
switch<0>   |    4.628(R)|      SLOW  |   -1.537(R)|      FAST  |clk_65mhz_BUFG    |   0.000|
switch<1>   |    4.584(R)|      SLOW  |   -1.756(R)|      FAST  |clk_65mhz_BUFG    |   0.000|
switch<4>   |    3.249(R)|      SLOW  |   -1.463(R)|      FAST  |clk_65mhz_BUFG    |   0.000|
switch<5>   |    3.127(R)|      SLOW  |   -1.506(R)|      FAST  |clk_65mhz_BUFG    |   0.000|
switch<6>   |    3.104(R)|      SLOW  |   -1.510(R)|      FAST  |clk_65mhz_BUFG    |   0.000|
switch<7>   |    3.460(R)|      SLOW  |   -1.766(R)|      FAST  |clk_65mhz_BUFG    |   0.000|
------------+------------+------------+------------+------------+------------------+--------+

Clock clk_100mhz to Pad
------------+-----------------+------------+-----------------+------------+------------------+--------+
            |Max (slowest) clk|  Process   |Min (fastest) clk|  Process   |                  | Clock  |
Destination |  (edge) to PAD  |   Corner   |  (edge) to PAD  |   Corner   |Internal Clock(s) | Phase  |
------------+-----------------+------------+-----------------+------------+------------------+--------+
dig<0>      |         5.898(R)|      SLOW  |         3.801(R)|      FAST  |clk_25mhz_BUFG    |   0.000|
dig<1>      |         5.828(R)|      SLOW  |         3.759(R)|      FAST  |clk_25mhz_BUFG    |   0.000|
dig<2>      |         5.548(R)|      SLOW  |         3.591(R)|      FAST  |clk_25mhz_BUFG    |   0.000|
dig<3>      |         5.639(R)|      SLOW  |         3.646(R)|      FAST  |clk_25mhz_BUFG    |   0.000|
hsync       |         6.652(R)|      SLOW  |         4.344(R)|      FAST  |clk_65mhz_BUFG    |   0.000|
seg<0>      |         6.277(R)|      SLOW  |         4.014(R)|      FAST  |clk_25mhz_BUFG    |   0.000|
seg<1>      |         6.269(R)|      SLOW  |         4.006(R)|      FAST  |clk_25mhz_BUFG    |   0.000|
seg<2>      |         6.614(R)|      SLOW  |         4.255(R)|      FAST  |clk_25mhz_BUFG    |   0.000|
seg<3>      |         6.579(R)|      SLOW  |         4.251(R)|      FAST  |clk_25mhz_BUFG    |   0.000|
seg<4>      |         6.623(R)|      SLOW  |         4.251(R)|      FAST  |clk_25mhz_BUFG    |   0.000|
seg<5>      |         6.469(R)|      SLOW  |         4.173(R)|      FAST  |clk_25mhz_BUFG    |   0.000|
seg<6>      |         6.546(R)|      SLOW  |         4.192(R)|      FAST  |clk_25mhz_BUFG    |   0.000|
vgablue<1>  |         8.824(R)|      SLOW  |         5.504(R)|      FAST  |clk_65mhz_BUFG    |   0.000|
vgablue<2>  |         8.971(R)|      SLOW  |         5.592(R)|      FAST  |clk_65mhz_BUFG    |   0.000|
vgagreen<0> |         7.095(R)|      SLOW  |         4.401(R)|      FAST  |clk_65mhz_BUFG    |   0.000|
vgagreen<1> |         7.473(R)|      SLOW  |         4.677(R)|      FAST  |clk_65mhz_BUFG    |   0.000|
vgagreen<2> |         7.640(R)|      SLOW  |         4.806(R)|      FAST  |clk_65mhz_BUFG    |   0.000|
vgared<0>   |         6.982(R)|      SLOW  |         4.422(R)|      FAST  |clk_65mhz_BUFG    |   0.000|
vgared<1>   |         6.974(R)|      SLOW  |         4.414(R)|      FAST  |clk_65mhz_BUFG    |   0.000|
vgared<2>   |         7.140(R)|      SLOW  |         4.504(R)|      FAST  |clk_65mhz_BUFG    |   0.000|
vsync       |         6.911(R)|      SLOW  |         4.435(R)|      FAST  |clk_65mhz_BUFG    |   0.000|
------------+-----------------+------------+-----------------+------------+------------------+--------+

Clock to Setup on destination clock clk_100mhz
---------------+---------+---------+---------+---------+
               | Src:Rise| Src:Fall| Src:Rise| Src:Fall|
Source Clock   |Dest:Rise|Dest:Rise|Dest:Fall|Dest:Fall|
---------------+---------+---------+---------+---------+
clk_100mhz     |  230.912|  220.813|  219.432|  219.296|
---------------+---------+---------+---------+---------+

Pad to Pad
---------------+---------------+---------+
Source Pad     |Destination Pad|  Delay  |
---------------+---------------+---------+
switch<1>      |led<1>         |    7.626|
switch<2>      |led<2>         |    7.352|
switch<3>      |led<3>         |    7.338|
switch<4>      |led<4>         |    7.021|
switch<5>      |led<5>         |    7.008|
switch<6>      |led<6>         |    6.942|
switch<7>      |led<7>         |    7.515|
---------------+---------------+---------+


Analysis completed Wed Nov 29 22:42:18 2017 
--------------------------------------------------------------------------------

Trace Settings:
-------------------------
Trace Settings 

Peak Memory Usage: 366 MB



